[28Sep2026 18:49:47.470] [main/INFO] [net.neoforged.fml.startup.Entrypoint/]: JVM Uptime at startup: 819ms
[28Sep2026 18:49:47.496] [main/INFO] [net.neoforged.fml.loading.FMLLoader/]: Starting FancyModLoader version 11.0.15 (CLIENT in DEV)
[28Sep2026 18:49:47.498] [main/INFO] [net.neoforged.fml.loading.FMLLoader/]: Game directory: C:\Users\kyleb\MCreatorWorkspaces\calamity\run
[28Sep2026 18:49:47.655] [main/INFO] [net.neoforged.fml.loading.EarlyServiceDiscovery/]: Found 2 early service jars (out of 107) in 75ms
[28Sep2026 18:49:47.659] [main/INFO] [net.neoforged.fml.loading.FMLLoader/]: Loading FML Early Services:
[28Sep2026 18:49:47.662] [main/INFO] [net.neoforged.fml.loading.FMLLoader/]:  - C:/Users/kyleb/.mcreator/gradle/caches/modules-2/files-2.1/net.neoforged.fancymodloader/loader/11.0.15/69ddd98736a6b095783523404d1af8992842722/loader-11.0.15.jar
[28Sep2026 18:49:47.664] [main/INFO] [net.neoforged.fml.loading.FMLLoader/]:  - C:/Users/kyleb/.mcreator/gradle/caches/modules-2/files-2.1/net.neoforged.fancymodloader/earlydisplay/11.0.15/b254aa4ec40828f8ce65411dcb7fb9f6ce008064/earlydisplay-11.0.15.jar
[28Sep2026 18:49:47.672] [main/INFO] [net.neoforged.fml.loading.ImmediateWindowHandler/]: Loading ImmediateWindowProvider fmlearlywindow
[28Sep2026 18:49:49.261] [ForkJoinPool.commonPool-worker-11/INFO] [net.neoforged.fml.loading.moddiscovery.locators.GameLocator/]: Detected a joined NeoForge and Minecraft configuration. Applying filtering...
[28Sep2026 18:49:49.383] [fml-loadingscreen/INFO] [net.neoforged.fml.earlydisplay.render.LoadingScreenRenderer/]: GL info: Intel(R) UHD Graphics GL version 3.3.0 - Build 32.0.101.7088, Intel
[28Sep2026 18:49:49.516] [ForkJoinPool.commonPool-worker-11/INFO] [net.neoforged.fml.loading.moddiscovery.locators.InDevFolderLocator/CORE]: Got mod coordinates mcreator%%C:\Users\kyleb\MCreatorWorkspaces\calamity\build\classes\java\main;mcreator%%C:\Users\kyleb\MCreatorWorkspaces\calamity\build\resources\main from env
[28Sep2026 18:49:49.933] [ForkJoinPool.commonPool-worker-11/INFO] [net.neoforged.fml.loading.moddiscovery.locators.JarInJarDependencyLocator/]: Found 2 dependencies adding them to mods collection
[28Sep2026 18:49:49.936] [ForkJoinPool.commonPool-worker-11/INFO] [net.neoforged.fml.loading.moddiscovery.ModDiscoverer/]: 
     Mod List:
		Name Version (Mod Id)

		Calamity Cubic - Minecraft Port 1.0.0 (calamity)
		Minecraft 26.1.2 (minecraft)
		NeoForge 26.1.2.95 (neoforge)
[28Sep2026 18:49:50.472] [main/INFO] [mixin/]: SpongePowered MIXIN Subsystem Version=0.8.7 Source=file:/C:/Users/kyleb/.mcreator/gradle/caches/modules-2/files-2.1/net.fabricmc/sponge-mixin/0.17.3+mixin.0.8.7/41c4a3984a80f4679e759fb9f495587acc5cdac7/sponge-mixin-0.17.3+mixin.0.8.7.jar Service=FML Env=CLIENT
[28Sep2026 18:49:50.619] [main/INFO] [net.neoforged.fml.loading.FMLLoader/]: Loading FML Plugins:
[28Sep2026 18:49:50.623] [main/INFO] [net.neoforged.fml.loading.FMLLoader/]:  - C:/Users/kyleb/.mcreator/gradle/caches/modules-2/files-2.1/net.neoforged/neoforge/26.1.2.95/b2c6a32bb07fe4e8f919bfb76cf1645be0a17b48/neoforge-26.1.2.95-universal.jar > net.neoforged.neoforge-coremods-26.1.2.95.jar
[28Sep2026 18:49:51.035] [main/INFO] [net.neoforged.fml.loading.FMLLoader/]: Building game content classloader:
 - calamity (composite(folder(C:/Users/kyleb/MCreatorWorkspaces/calamity/build/classes/java/main), folder(C:/Users/kyleb/MCreatorWorkspaces/calamity/build/resources/main)))
 - minecraft (composite(filtered(jar(C:/Users/kyleb/MCreatorWorkspaces/calamity/build/moddev/artifacts/minecraft-patched-26.1.2.95.jar)), filtered(jar(C:/Users/kyleb/MCreatorWorkspaces/calamity/build/moddev/artifacts/minecraft-patched-26.1.2.95.jar))))
 - mixinextras.neoforge (jar(C:/Users/kyleb/.mcreator/gradle/caches/modules-2/files-2.1/net.neoforged/neoforge/26.1.2.95/b2c6a32bb07fe4e8f919bfb76cf1645be0a17b48/neoforge-26.1.2.95-universal.jar > mixinextras-neoforge-0.5.4.jar))
 - neoforge (composite(filtered(jar(C:/Users/kyleb/.mcreator/gradle/caches/modules-2/files-2.1/net.neoforged/neoforge/26.1.2.95/b2c6a32bb07fe4e8f919bfb76cf1645be0a17b48/neoforge-26.1.2.95-universal.jar))))
 - net.neoforged.fml.generated (empty(VirtualJar/net.neoforged.fml.generated))
[28Sep2026 18:49:51.076] [main/INFO] [net.neoforged.fml.loading.FMLLoader/]: Built game content classloader in 78ms
[28Sep2026 18:49:55.633] [Datafixer Bootstrap/INFO] [com.mojang.datafixers.DataFixerBuilder/]: 294 Datafixer optimizations took 1065 milliseconds
[28Sep2026 18:49:56.039] [pool-8-thread-1/INFO] [MixinExtras|Service/]: Initializing MixinExtras via com.llamalad7.mixinextras.service.MixinExtrasServiceImpl(version=0.5.4).
[28Sep2026 18:50:08.405] [main/WARN] [net.minecraft.commands.Commands/]: Ambiguity between arguments [teleport, location] and [teleport, destination] with inputs: [0.1 -0.5 .9, 0 0 0]
[28Sep2026 18:50:08.413] [main/WARN] [net.minecraft.commands.Commands/]: Ambiguity between arguments [teleport, location] and [teleport, targets] with inputs: [0.1 -0.5 .9, 0 0 0]
[28Sep2026 18:50:08.423] [main/WARN] [net.minecraft.commands.Commands/]: Ambiguity between arguments [teleport, destination] and [teleport, targets] with inputs: [Player, 0123, @e, dd12be42-52a9-4a91-a8a1-11c01849e498]
[28Sep2026 18:50:08.426] [main/WARN] [net.minecraft.commands.Commands/]: Ambiguity between arguments [teleport, targets] and [teleport, destination] with inputs: [Player, 0123, dd12be42-52a9-4a91-a8a1-11c01849e498]
[28Sep2026 18:50:08.430] [main/WARN] [net.minecraft.commands.Commands/]: Ambiguity between arguments [teleport, targets, location] and [teleport, targets, destination] with inputs: [0.1 -0.5 .9, 0 0 0]
[28Sep2026 18:50:08.437] [main/WARN] [net.minecraft.commands.Commands/]: Ambiguity between arguments [time, set, time] and [time, set, timemarker] with inputs: [0, 0s, 0d, 0t]
[28Sep2026 18:50:08.442] [main/WARN] [net.minecraft.commands.Commands/]: Ambiguity between arguments [time, set, timemarker] and [time, set, time] with inputs: [012]
[28Sep2026 18:50:08.448] [main/WARN] [net.minecraft.commands.Commands/]: Ambiguity between arguments [time, of, clock, set, time] and [time, of, clock, set, timemarker] with inputs: [0, 0s, 0d, 0t]
[28Sep2026 18:50:08.455] [main/WARN] [net.minecraft.commands.Commands/]: Ambiguity between arguments [time, of, clock, set, timemarker] and [time, of, clock, set, time] with inputs: [012]
[28Sep2026 18:50:08.462] [main/WARN] [net.minecraft.commands.Commands/]: Ambiguity between arguments [waypoint, modify, waypoint, color, reset] and [waypoint, modify, waypoint, color, color] with inputs: [reset]
[28Sep2026 18:50:08.657] [modloading-worker-0/INFO] [net.neoforged.neoforge.common.NeoForgeMod/NEOFORGE-MOD]: NeoForge mod loading, version 26.1.2.95, for MC 26.1.2
[28Sep2026 18:50:11.164] [Render thread/INFO] [com.mojang.authlib.yggdrasil.YggdrasilAuthenticationService/]: Environment: Environment[sessionHost=https://sessionserver.mojang.com, servicesHost=https://api.minecraftservices.com, profilesHost=https://api.mojang.com, name=PROD]
[28Sep2026 18:50:11.228] [Render thread/INFO] [net.minecraft.client.Minecraft/]: Setting user: Dev
[28Sep2026 18:50:11.484] [Render thread/INFO] [net.minecraft.client.Minecraft/]: Backend library: LWJGL version 3.4.1+2
[28Sep2026 18:50:12.005] [Render thread/INFO] [net.minecraft.client.Minecraft/]: Using optional rendering extensions: GL_ARB_buffer_storage, GL_KHR_debug, GL_ARB_vertex_attrib_binding, GL_ARB_direct_state_access, GL_EXT_texture_filter_anisotropic
[28Sep2026 18:50:13.688] [Render thread/INFO] [net.minecraft.server.packs.resources.ReloadableResourceManager/]: Reloading ResourceManager: vanilla, mod_resources, mod/neoforge, mod/calamity
[28Sep2026 18:50:14.661] [resourceLoad/INFO] [net.minecraft.client.gui.font.providers.UnihexProvider/]: Found unifont_pua-17.0.01.hex, loading
[28Sep2026 18:50:14.672] [resourceLoad/INFO] [net.minecraft.client.gui.font.providers.UnihexProvider/]: Found unifont_all_no_pua-17.0.01.hex, loading
[28Sep2026 18:50:14.935] [resourceLoad/INFO] [net.minecraft.client.gui.font.providers.UnihexProvider/]: Found unifont_jp_patch-17.0.01.hex, loading
[28Sep2026 18:50:16.369] [resourceLoad/WARN] [net.minecraft.client.resources.model.ModelDiscovery/]: Missing block model: minecraft:giant_item
[28Sep2026 18:50:18.004] [Render thread/INFO] [com.mojang.blaze3d.audio.Library/]: OpenAL initialized on device OpenAL Soft on Speakers (Realtek(R) Audio)
[28Sep2026 18:50:18.015] [Render thread/INFO] [net.minecraft.client.sounds.SoundEngine/SOUNDS]: Sound engine started
[28Sep2026 18:50:18.016] [Render thread/INFO] [net.minecraft.client.renderer.texture.TextureAtlas/]: Created: 512x256x0 minecraft:textures/atlas/particles.png-atlas
[28Sep2026 18:50:18.130] [Render thread/INFO] [net.minecraft.client.renderer.texture.TextureAtlas/]: Created: 128x128x0 minecraft:textures/atlas/decorated_pot.png-atlas
[28Sep2026 18:50:18.159] [Render thread/INFO] [net.minecraft.client.renderer.texture.TextureAtlas/]: Created: 2048x1024x0 minecraft:textures/atlas/armor_trims.png-atlas
[28Sep2026 18:50:18.466] [Render thread/INFO] [net.minecraft.client.renderer.texture.TextureAtlas/]: Created: 512x256x0 minecraft:textures/atlas/paintings.png-atlas
[28Sep2026 18:50:18.498] [Render thread/INFO] [net.minecraft.client.renderer.texture.TextureAtlas/]: Created: 1024x512x0 minecraft:textures/atlas/shield_patterns.png-atlas
[28Sep2026 18:50:18.547] [Render thread/INFO] [net.minecraft.client.renderer.texture.TextureAtlas/]: Created: 1024x512x0 minecraft:textures/atlas/blocks.png-atlas
[28Sep2026 18:50:19.389] [Render thread/INFO] [net.minecraft.client.renderer.texture.TextureAtlas/]: Created: 512x512x0 minecraft:textures/atlas/chest.png-atlas
[28Sep2026 18:50:19.426] [Render thread/INFO] [net.minecraft.client.renderer.texture.TextureAtlas/]: Created: 256x256x0 minecraft:textures/atlas/celestials.png-atlas
[28Sep2026 18:50:19.442] [Render thread/INFO] [net.minecraft.client.renderer.texture.TextureAtlas/]: Created: 1024x512x0 minecraft:textures/atlas/banner_patterns.png-atlas
[28Sep2026 18:50:19.485] [Render thread/INFO] [net.minecraft.client.renderer.texture.TextureAtlas/]: Created: 512x512x0 minecraft:textures/atlas/beds.png-atlas
[28Sep2026 18:50:19.509] [Render thread/INFO] [net.minecraft.client.renderer.texture.TextureAtlas/]: Created: 1024x512x0 minecraft:textures/atlas/items.png-atlas
[28Sep2026 18:50:20.439] [Render thread/INFO] [net.minecraft.client.renderer.texture.TextureAtlas/]: Created: 1024x1024x0 minecraft:textures/atlas/gui.png-atlas
[28Sep2026 18:50:20.912] [Render thread/INFO] [net.minecraft.client.renderer.texture.TextureAtlas/]: Created: 128x64x0 minecraft:textures/atlas/map_decorations.png-atlas
[28Sep2026 18:50:20.937] [Render thread/INFO] [net.minecraft.client.renderer.texture.TextureAtlas/]: Created: 512x256x0 minecraft:textures/atlas/signs.png-atlas
[28Sep2026 18:50:20.960] [Render thread/INFO] [net.minecraft.client.renderer.texture.TextureAtlas/]: Created: 512x512x0 minecraft:textures/atlas/shulker_boxes.png-atlas
[28Sep2026 18:50:21.271] [Render thread/INFO] [net.neoforged.neoforge.client.entity.animation.json.AnimationLoader/]: Loaded 0 entity animations
[28Sep2026 18:50:37.992] [Render thread/WARN] [net.minecraft.server.MinecraftServer/]: Missing data pack tests
[28Sep2026 18:50:39.515] [Worker-Main-3/ERROR] [net.minecraft.resources.RegistryDataLoader/]: Registry loading errors:
> Errors in registry minecraft:dimension:
>> Errors in element calamity:terraria:
java.lang.IllegalStateException: Failed to parse calamity:terraria from pack mod/calamity
	at TRANSFORMER/minecraft@26.1.2/net.minecraft.resources.RegistryLoadTask$PendingRegistration.loadFromResource(RegistryLoadTask.java:135)
	at TRANSFORMER/minecraft@26.1.2/net.minecraft.resources.ResourceManagerRegistryLoadTask.lambda$load$2(ResourceManagerRegistryLoadTask.java:51)
	at TRANSFORMER/minecraft@26.1.2/net.minecraft.util.thread.ParallelMapTransform.lambda$schedule$0(ParallelMapTransform.java:25)
	at java.base/java.util.concurrent.CompletableFuture$AsyncSupply.run(CompletableFuture.java:1789)
	at java.base/java.util.concurrent.CompletableFuture$AsyncSupply.exec(CompletableFuture.java:1781)
	at java.base/java.util.concurrent.ForkJoinTask.doExec(ForkJoinTask.java:511)
	at java.base/java.util.concurrent.ForkJoinPool$WorkQueue.topLevelExec(ForkJoinPool.java:1450)
	at java.base/java.util.concurrent.ForkJoinPool.runWorker(ForkJoinPool.java:2019)
	at java.base/java.util.concurrent.ForkJoinWorkerThread.run(ForkJoinWorkerThread.java:187)
Caused by: com.google.gson.JsonSyntaxException: com.google.gson.stream.MalformedJsonException: Unterminated object at line 651 column 10 path $.generator.settings.noise_router.final_density
See https://github.com/google/gson/blob/main/Troubleshooting.md#malformed-json
	at com.google.gson.internal.Streams.parse(Streams.java:58)
	at com.google.gson.JsonParser.parseReader(JsonParser.java:144)
	at TRANSFORMER/minecraft@26.1.2/net.minecraft.util.StrictJsonParser.parse(StrictJsonParser.java:20)
	at TRANSFORMER/minecraft@26.1.2/net.minecraft.resources.RegistryLoadTask$PendingRegistration.loadFromResource(RegistryLoadTask.java:119)
	... 8 more
Caused by: com.google.gson.stream.MalformedJsonException: Unterminated object at line 651 column 10 path $.generator.settings.noise_router.final_density
See https://github.com/google/gson/blob/main/Troubleshooting.md#malformed-json
	at com.google.gson.stream.JsonReader.syntaxError(JsonReader.java:1817)
	at com.google.gson.stream.JsonReader.doPeek(JsonReader.java:616)
	at com.google.gson.stream.JsonReader.hasNext(JsonReader.java:538)
	at com.google.gson.internal.bind.JsonElementTypeAdapter.read(JsonElementTypeAdapter.java:95)
	at com.google.gson.internal.bind.JsonElementTypeAdapter.read(JsonElementTypeAdapter.java:35)
	at com.google.gson.internal.Streams.parse(Streams.java:46)
	... 11 more

[28Sep2026 18:50:39.757] [Render thread/ERROR] [net.minecraft.CrashReport/]: Negative index in crash report handler (9/15)
[28Sep2026 18:50:39.761] [Render thread/ERROR] [net.minecraft.util.thread.BlockableEventLoop/FATAL]: Error executing task on Client
net.minecraft.ReportedException: Registry Loading
	at TRANSFORMER/minecraft@26.1.2/net.minecraft.client.MouseHandler.onButton(MouseHandler.java:126) [minecraft-patched-26.1.2.95.jar:?]
	at TRANSFORMER/minecraft@26.1.2/net.minecraft.client.MouseHandler.lambda$setup$3(MouseHandler.java:266) [minecraft-patched-26.1.2.95.jar:?]
	at TRANSFORMER/minecraft@26.1.2/net.minecraft.util.thread.BlockableEventLoop.doRunTask(BlockableEventLoop.java:163) [minecraft-patched-26.1.2.95.jar:?]
	at TRANSFORMER/minecraft@26.1.2/net.minecraft.util.thread.ReentrantBlockableEventLoop.doRunTask(ReentrantBlockableEventLoop.java:24) [minecraft-patched-26.1.2.95.jar:?]
	at TRANSFORMER/minecraft@26.1.2/net.minecraft.util.thread.BlockableEventLoop.execute(BlockableEventLoop.java:108) [minecraft-patched-26.1.2.95.jar:?]
	at TRANSFORMER/minecraft@26.1.2/net.minecraft.client.MouseHandler.lambda$setup$2(MouseHandler.java:266) [minecraft-patched-26.1.2.95.jar:?]
	at org.lwjgl.system.JNI.invokeV(JNI.java:1664) [lwjgl-3.4.1.jar:build 2]
	at org.lwjgl.glfw.GLFW.glfwPollEvents(GLFW.java:1600) [lwjgl-glfw-3.4.1.jar:build 2]
	at TRANSFORMER/minecraft@26.1.2/com.mojang.blaze3d.systems.RenderSystem.pollEvents(RenderSystem.java:108) [minecraft-patched-26.1.2.95.jar:?]
	at TRANSFORMER/minecraft@26.1.2/net.minecraft.client.Minecraft.run(Minecraft.java:936) [minecraft-patched-26.1.2.95.jar:?]
	at TRANSFORMER/minecraft@26.1.2/net.minecraft.client.main.Main.main(Main.java:246) [minecraft-patched-26.1.2.95.jar:?]
	at net.neoforged.fml.startup.Client.main(Client.java:19) [loader-11.0.15.jar:11.0]
	at java.base/jdk.internal.reflect.DirectMethodHandleAccessor.invoke(DirectMethodHandleAccessor.java:104) ~[?:?]
	at java.base/java.lang.reflect.Method.invoke(Method.java:565) ~[?:?]
	at net.neoforged.devlaunch.Main.main(Main.java:57) [DevLaunch-1.0.2.jar:?]
Caused by: java.lang.IllegalStateException: Failed to load registries due to errors
	at TRANSFORMER/minecraft@26.1.2/net.minecraft.resources.RegistryDataLoader.createReportWithBriefInfo(RegistryDataLoader.java:292) ~[minecraft-patched-26.1.2.95.jar:?]
	at TRANSFORMER/minecraft@26.1.2/net.minecraft.resources.RegistryDataLoader.logErrors(RegistryDataLoader.java:271) ~[minecraft-patched-26.1.2.95.jar:?]
	at TRANSFORMER/minecraft@26.1.2/net.minecraft.resources.RegistryDataLoader.lambda$load$2(RegistryDataLoader.java:231) ~[minecraft-patched-26.1.2.95.jar:?]
	at java.base/java.util.concurrent.CompletableFuture$UniApply.tryFire(CompletableFuture.java:667) ~[?:?]
	at java.base/java.util.concurrent.CompletableFuture$Completion.exec(CompletableFuture.java:504) ~[?:?]
	at java.base/java.util.concurrent.ForkJoinTask.doExec(ForkJoinTask.java:511) ~[?:?]
	at java.base/java.util.concurrent.ForkJoinPool$WorkQueue.topLevelExec(ForkJoinPool.java:1450) ~[?:?]
	at java.base/java.util.concurrent.ForkJoinPool.runWorker(ForkJoinPool.java:2019) ~[?:?]
	at java.base/java.util.concurrent.ForkJoinWorkerThread.run(ForkJoinWorkerThread.java:187) ~[?:?]
